../Core/Src/main.c:109:5:main	8	static
../Core/Src/main.c:302:6:SystemClock_Config	88	static
../Core/Src/main.c:349:13:MX_ADC1_Init	24	static
../Core/Src/main.c:431:13:MX_TIM1_Init	80	static
../Core/Src/main.c:504:13:MX_TIM2_Init	48	static
../Core/Src/main.c:553:13:MX_TIM3_Init	32	static
../Core/Src/main.c:599:13:MX_GPIO_Init	40	static
../Core/Src/main.c:632:10:Board_Get_ADCChannelValue	32	static
../Core/Src/main.c:650:6:HAL_TIM_PeriodElapsedCallback	16	static
../Core/Src/main.c:663:13:writeServo	16	static
../Core/Src/main.c:669:13:setPower	16	static
../Core/Src/main.c:675:13:brake	4	static
../Core/Src/main.c:683:13:unbrake	4	static
../Core/Src/main.c:691:13:TRS	8	static
../Core/Src/main.c:696:13:TRL	8	static
../Core/Src/main.c:701:13:TLS	8	static
../Core/Src/main.c:706:13:TLL	8	static
../Core/Src/main.c:711:13:TRSB	4	static
../Core/Src/main.c:719:13:TRLB	4	static
../Core/Src/main.c:727:13:TLSB	4	static
../Core/Src/main.c:735:13:TLLB	4	static
../Core/Src/main.c:743:13:DRS	8	static
../Core/Src/main.c:752:13:DRL	8	static
../Core/Src/main.c:761:13:DLS	8	static
../Core/Src/main.c:770:13:DLL	8	static
../Core/Src/main.c:779:13:BLDC_test	8	static
../Core/Src/main.c:791:13:waitBlack	24	static
../Core/Src/main.c:804:13:lineFollower	24	static
../Core/Src/main.c:890:13:lineFollowerBackward	24	static
../Core/Src/main.c:951:6:Error_Handler	4	static,ignoring_inline_asm
