../Core/Src/main.c:109:5:main	8	static
../Core/Src/main.c:300:6:SystemClock_Config	88	static
../Core/Src/main.c:346:13:MX_ADC1_Init	24	static
../Core/Src/main.c:427:13:MX_TIM1_Init	80	static
../Core/Src/main.c:499:13:MX_TIM2_Init	48	static
../Core/Src/main.c:547:13:MX_TIM3_Init	32	static
../Core/Src/main.c:592:13:MX_GPIO_Init	40	static
../Core/Src/main.c:624:10:Board_Get_ADCChannelValue	32	static
../Core/Src/main.c:642:6:HAL_TIM_PeriodElapsedCallback	16	static
../Core/Src/main.c:655:13:writeServo	16	static
../Core/Src/main.c:661:13:setPower	16	static
../Core/Src/main.c:667:13:brake	4	static
../Core/Src/main.c:675:13:unbrake	4	static
../Core/Src/main.c:683:13:TRS	8	static
../Core/Src/main.c:688:13:TRL	8	static
../Core/Src/main.c:693:13:TLS	8	static
../Core/Src/main.c:698:13:TLL	8	static
../Core/Src/main.c:703:13:TRSB	4	static
../Core/Src/main.c:711:13:TRLB	4	static
../Core/Src/main.c:719:13:TLSB	4	static
../Core/Src/main.c:727:13:TLLB	4	static
../Core/Src/main.c:735:13:DRS	8	static
../Core/Src/main.c:744:13:DRL	8	static
../Core/Src/main.c:753:13:DLS	8	static
../Core/Src/main.c:762:13:DLL	8	static
../Core/Src/main.c:771:13:BLDC_test	8	static
../Core/Src/main.c:783:13:waitBlack	24	static
../Core/Src/main.c:796:13:lineFollower	24	static
../Core/Src/main.c:882:13:lineFollowerBackward	24	static
../Core/Src/main.c:939:6:Error_Handler	4	static,ignoring_inline_asm
