../Core/Src/main.c:787:13:writeServo	8	static
../Core/Src/main.c:793:13:setPower	8	static
../Core/Src/main.c:799:13:brake	0	static
../Core/Src/main.c:807:13:unbrake	0	static
../Core/Src/main.c:342:6:SystemClock_Config	88	static,ignoring_inline_asm
../Core/Src/main.c:725:10:Board_Get_ADCChannelValue	24	static
../Core/Src/main.c:871:13:waitBlack	16	static
../Core/Src/main.c:884:13:lineFollower.constprop	40	static
../Core/Src/main.c:968:13:lineFollowerBackward.constprop	40	static
../Core/Src/main.c:743:6:HAL_TIM_PeriodElapsedCallback	0	static
../Core/Src/main.c:756:6:HAL_GPIO_EXTI_Callback	16	static
../Core/Src/main.c:769:7:distanceR	8	static
../Core/Src/main.c:775:7:distanceL	8	static
../Core/Src/main.c:781:7:steeringDegree	24	static
../Core/Src/main.c:132:5:main	104	static,ignoring_inline_asm
../Core/Src/main.c:1024:6:Error_Handler	0	static,ignoring_inline_asm
