../Core/Src/main.c:762:13:writeServo	8	static
../Core/Src/main.c:768:13:setPower	8	static
../Core/Src/main.c:774:13:brake	0	static
../Core/Src/main.c:782:13:unbrake	0	static
../Core/Src/main.c:319:6:SystemClock_Config	88	static,ignoring_inline_asm
../Core/Src/main.c:702:10:Board_Get_ADCChannelValue	24	static
../Core/Src/main.c:859:13:lineFollower.constprop	48	static
../Core/Src/main.c:720:6:HAL_TIM_PeriodElapsedCallback	0	static
../Core/Src/main.c:733:6:HAL_GPIO_EXTI_Callback	0	static
../Core/Src/main.c:738:7:distanceR	8	static
../Core/Src/main.c:745:7:steeringDegree	24	static
../Core/Src/main.c:125:5:main	96	static,ignoring_inline_asm
../Core/Src/main.c:999:6:Error_Handler	0	static,ignoring_inline_asm
