../Core/Src/main.c:806:13:writeServo	8	static
../Core/Src/main.c:826:13:brake	0	static
../Core/Src/main.c:834:13:unbrake	0	static
../Core/Src/main.c:812:13:setPower	16	static
../Core/Src/main.c:363:6:SystemClock_Config	88	static,ignoring_inline_asm
../Core/Src/main.c:746:10:Board_Get_ADCChannelValue	24	static
../Core/Src/main.c:930:13:lineFollower.constprop	48	static
../Core/Src/main.c:1014:13:lineFollowerBackward.constprop	48	static
../Core/Src/main.c:764:6:HAL_TIM_PeriodElapsedCallback	0	static
../Core/Src/main.c:777:6:HAL_GPIO_EXTI_Callback	0	static
../Core/Src/main.c:782:7:distanceR	8	static
../Core/Src/main.c:789:7:steeringDegree	24	static
../Core/Src/main.c:125:5:main	128	static,ignoring_inline_asm
../Core/Src/main.c:1104:6:Error_Handler	0	static,ignoring_inline_asm
