../Core/Src/main.c:370:6:SystemClock_Config	88	static,ignoring_inline_asm
../Core/Src/main.c:753:10:Board_Get_ADCChannelValue	24	static
../Core/Src/main.c:932:13:lineFollower.constprop	48	static
../Core/Src/main.c:771:6:HAL_TIM_PeriodElapsedCallback	0	static
../Core/Src/main.c:784:6:HAL_GPIO_EXTI_Callback	0	static
../Core/Src/main.c:805:7:distanceR	8	static
../Core/Src/main.c:812:7:distanceL	0	static
../Core/Src/main.c:818:7:steeringDegree	24	static
../Core/Src/main.c:136:5:main	104	static,ignoring_inline_asm
../Core/Src/main.c:1072:6:Error_Handler	0	static,ignoring_inline_asm
