../Core/Src/main.c:112:5:main	8	static
../Core/Src/main.c:316:6:SystemClock_Config	88	static
../Core/Src/main.c:362:13:MX_ADC1_Init	24	static
../Core/Src/main.c:443:13:MX_TIM1_Init	80	static
../Core/Src/main.c:515:13:MX_TIM2_Init	48	static
../Core/Src/main.c:563:13:MX_TIM3_Init	32	static
../Core/Src/main.c:608:13:MX_GPIO_Init	40	static
../Core/Src/main.c:629:10:Board_Get_ADCChannelValue	32	static
../Core/Src/main.c:647:6:HAL_TIM_PeriodElapsedCallback	16	static
../Core/Src/main.c:660:6:HAL_GPIO_EXTI_Callback	16	static
../Core/Src/main.c:673:13:writeServo	16	static
../Core/Src/main.c:679:13:setPower	16	static
../Core/Src/main.c:685:13:brake	4	static
../Core/Src/main.c:693:13:unbrake	4	static
../Core/Src/main.c:701:13:TRS	8	static
../Core/Src/main.c:706:13:TRL	8	static
../Core/Src/main.c:711:13:TLS	8	static
../Core/Src/main.c:716:13:TLL	8	static
../Core/Src/main.c:721:13:DRS	8	static
../Core/Src/main.c:730:13:DRL	8	static
../Core/Src/main.c:739:13:DLS	8	static
../Core/Src/main.c:748:13:DLL	8	static
../Core/Src/main.c:757:13:waitBlack	24	static
../Core/Src/main.c:770:13:lineFollower	24	static
../Core/Src/main.c:854:13:lineFollowerBackward	24	static
../Core/Src/main.c:910:6:Error_Handler	4	static,ignoring_inline_asm
