../Core/Src/main.c:360:6:SystemClock_Config	88	static,ignoring_inline_asm
../Core/Src/main.c:743:10:Board_Get_ADCChannelValue	24	static
../Core/Src/main.c:902:13:lineFollower.constprop	48	static
../Core/Src/main.c:761:6:HAL_TIM_PeriodElapsedCallback	0	static
../Core/Src/main.c:774:6:HAL_GPIO_EXTI_Callback	16	static
../Core/Src/main.c:787:7:distanceR	8	static
../Core/Src/main.c:793:7:distanceL	8	static
../Core/Src/main.c:799:7:steeringDegree	24	static
../Core/Src/main.c:134:5:main	104	static,ignoring_inline_asm
../Core/Src/main.c:1042:6:Error_Handler	0	static,ignoring_inline_asm
