../Core/Src/main.c:830:13:writeServo	8	static
../Core/Src/main.c:850:13:brake	0	static
../Core/Src/main.c:858:13:unbrake	0	static
../Core/Src/main.c:836:13:setPower	16	static
../Core/Src/main.c:387:6:SystemClock_Config	88	static,ignoring_inline_asm
../Core/Src/main.c:770:10:Board_Get_ADCChannelValue	24	static
../Core/Src/main.c:954:13:lineFollower.constprop	48	static
../Core/Src/main.c:1041:13:lineFollowerBackward.constprop	48	static
../Core/Src/main.c:788:6:HAL_TIM_PeriodElapsedCallback	0	static
../Core/Src/main.c:801:6:HAL_GPIO_EXTI_Callback	0	static
../Core/Src/main.c:806:7:distanceR	8	static
../Core/Src/main.c:813:7:steeringDegree	24	static
../Core/Src/main.c:125:5:main	128	static,ignoring_inline_asm
../Core/Src/main.c:1134:6:Error_Handler	0	static,ignoring_inline_asm
