../Core/Src/main.c:109:5:main	8	static
../Core/Src/main.c:299:6:SystemClock_Config	88	static
../Core/Src/main.c:346:13:MX_ADC1_Init	24	static
../Core/Src/main.c:428:13:MX_TIM1_Init	80	static
../Core/Src/main.c:501:13:MX_TIM2_Init	48	static
../Core/Src/main.c:550:13:MX_TIM3_Init	32	static
../Core/Src/main.c:596:13:MX_GPIO_Init	40	static
../Core/Src/main.c:635:10:Board_Get_ADCChannelValue	32	static
../Core/Src/main.c:653:6:HAL_TIM_PeriodElapsedCallback	16	static
../Core/Src/main.c:666:13:writeServo	16	static
../Core/Src/main.c:672:13:setPower	16	static
../Core/Src/main.c:678:13:brake	4	static
../Core/Src/main.c:686:13:unbrake	4	static
../Core/Src/main.c:694:13:TRS	8	static
../Core/Src/main.c:699:13:TRL	8	static
../Core/Src/main.c:704:13:TLS	8	static
../Core/Src/main.c:709:13:TLL	8	static
../Core/Src/main.c:714:13:TRSB	4	static
../Core/Src/main.c:722:13:TRLB	4	static
../Core/Src/main.c:730:13:TLSB	4	static
../Core/Src/main.c:738:13:TLLB	4	static
../Core/Src/main.c:746:13:DRS	8	static
../Core/Src/main.c:755:13:DRL	8	static
../Core/Src/main.c:764:13:DLS	8	static
../Core/Src/main.c:773:13:DLL	8	static
../Core/Src/main.c:782:13:BLDC_test	8	static
../Core/Src/main.c:794:13:waitBlack	24	static
../Core/Src/main.c:807:13:lineFollower	24	static
../Core/Src/main.c:893:13:lineFollowerBackward	24	static
../Core/Src/main.c:950:6:Error_Handler	4	static,ignoring_inline_asm
