../Core/Src/main.c:109:5:main	8	static
../Core/Src/main.c:299:6:SystemClock_Config	88	static
../Core/Src/main.c:345:13:MX_ADC1_Init	24	static
../Core/Src/main.c:426:13:MX_TIM1_Init	80	static
../Core/Src/main.c:498:13:MX_TIM2_Init	48	static
../Core/Src/main.c:546:13:MX_TIM3_Init	32	static
../Core/Src/main.c:591:13:MX_GPIO_Init	40	static
../Core/Src/main.c:623:10:Board_Get_ADCChannelValue	32	static
../Core/Src/main.c:641:6:HAL_TIM_PeriodElapsedCallback	16	static
../Core/Src/main.c:654:13:writeServo	16	static
../Core/Src/main.c:660:13:setPower	16	static
../Core/Src/main.c:666:13:brake	4	static
../Core/Src/main.c:674:13:unbrake	4	static
../Core/Src/main.c:682:13:TRS	8	static
../Core/Src/main.c:687:13:TRL	8	static
../Core/Src/main.c:692:13:TLS	8	static
../Core/Src/main.c:697:13:TLL	8	static
../Core/Src/main.c:702:13:TRSB	4	static
../Core/Src/main.c:710:13:TRLB	4	static
../Core/Src/main.c:718:13:TLSB	4	static
../Core/Src/main.c:726:13:TLLB	4	static
../Core/Src/main.c:734:13:DRS	8	static
../Core/Src/main.c:743:13:DRL	8	static
../Core/Src/main.c:752:13:DLS	8	static
../Core/Src/main.c:761:13:DLL	8	static
../Core/Src/main.c:770:13:BLDC_test	8	static
../Core/Src/main.c:782:13:waitBlack	24	static
../Core/Src/main.c:795:13:lineFollower	24	static
../Core/Src/main.c:881:13:lineFollowerBackward	24	static
../Core/Src/main.c:938:6:Error_Handler	4	static,ignoring_inline_asm
