../Core/Src/main.c:760:13:writeServo	8	static
../Core/Src/main.c:766:13:setPower	8	static
../Core/Src/main.c:772:13:brake	0	static
../Core/Src/main.c:301:6:SystemClock_Config	88	static,ignoring_inline_asm
../Core/Src/main.c:684:10:Board_Get_ADCChannelValue	24	static
../Core/Src/main.c:857:13:lineFollower.constprop	48	static
../Core/Src/main.c:702:6:HAL_TIM_PeriodElapsedCallback	0	static
../Core/Src/main.c:715:6:HAL_GPIO_EXTI_Callback	0	static
../Core/Src/main.c:736:7:distanceR	8	static
../Core/Src/main.c:743:7:steeringDegree	24	static
../Core/Src/main.c:125:5:main	104	static,ignoring_inline_asm
../Core/Src/main.c:997:6:Error_Handler	0	static,ignoring_inline_asm
